1	2	1
2	3	1
2	4	1
3	4	1
5	4	1
6	7	1
6	5	1
7	8	1
8	5	1
8	2	1
10	12	1
11	20	1
12	19	1
19	12	1
18	20	1
14	21	1
13	17	1
16	14	1
16	14	1
17	16	1